// Jest Snapshot v1, https://goo.gl/fbAQLP

exports[`<Spinner/> should render 1`] = `
<DocumentFragment>
  <div
    class="spinner-border"
    style="width: 48px; height: 48px;"
  />
</DocumentFragment>
`;
