// Jest Snapshot v1, https://goo.gl/fbAQLP

exports[`<ImageWrapper/> should render 1`] = `
<DocumentFragment>
  <div
    class="root"
    data-testid="image-wrapper"
    style="height: 234px;"
  >
    <img />
  </div>
</DocumentFragment>
`;
