// Jest Snapshot v1, https://goo.gl/fbAQLP

exports[`<CenteredSpinner/> should render 1`] = `
<DocumentFragment>
  <div
    class="d-flex justify-content-center"
  >
    <div
      class="spinner-border"
      style="width: 48px; height: 48px;"
    />
  </div>
</DocumentFragment>
`;
