// Jest Snapshot v1, https://goo.gl/fbAQLP

exports[`<Pagination/> should render 1`] = `
<DocumentFragment>
  <ul
    class="pagination justify-content-center"
  >
    <li
      class="page-item disabled"
    >
      <a
        aria-disabled="true"
        aria-label="Previous page"
        class="page-link"
        role="button"
        tabindex="0"
      >
        Previous
      </a>
    </li>
    <li
      class="page-item page-item active"
    >
      <a
        aria-current="page"
        aria-label="Page 1 is your current page"
        class="page-link page-link"
        role="button"
        tabindex="0"
      >
        1
      </a>
    </li>
    <li
      class="page-item"
    >
      <a
        aria-label="Page 2"
        class="page-link"
        role="button"
        tabindex="0"
      >
        2
      </a>
    </li>
    <li
      class="page-item"
    >
      <a
        aria-label="Page 3"
        class="page-link"
        role="button"
        tabindex="0"
      >
        3
      </a>
    </li>
    <li
      class="page-item"
    >
      <a
        aria-label="Page 4"
        class="page-link"
        role="button"
        tabindex="0"
      >
        4
      </a>
    </li>
    <li
      class="break"
    >
      <a
        role="button"
        tabindex="0"
      >
        ...
      </a>
    </li>
    <li
      class="page-item"
    >
      <a
        aria-label="Page 8"
        class="page-link"
        role="button"
        tabindex="0"
      >
        8
      </a>
    </li>
    <li
      class="page-item"
    >
      <a
        aria-label="Page 9"
        class="page-link"
        role="button"
        tabindex="0"
      >
        9
      </a>
    </li>
    <li
      class="page-item"
    >
      <a
        aria-label="Page 10"
        class="page-link"
        role="button"
        tabindex="0"
      >
        10
      </a>
    </li>
    <li
      class="page-item"
    >
      <a
        aria-disabled="false"
        aria-label="Next page"
        class="page-link"
        role="button"
        tabindex="0"
      >
        Next
      </a>
    </li>
  </ul>
</DocumentFragment>
`;
