// Jest Snapshot v1, https://goo.gl/fbAQLP

exports[`<Logo/> should render 1`] = `
<DocumentFragment>
  <svg
    class="logo"
  >
    logo.svg
  </svg>
</DocumentFragment>
`;
